// Jest Snapshot v1, https://goo.gl/fbAQLP

exports[`<LoginForm /> should have a snapshot 1`] = `
<LoadingOverlay
  isLoading={false}
  style={
    Object {
      "backgroundColor": "white",
      "flex": 1,
    }
  }
>
  <View
    style={
      Object {
        "alignItems": "center",
        "justifyContent": "center",
      }
    }
  >
    <Text
      accessible={true}
      allowFontScaling={true}
      ellipsizeMode="tail"
      style={
        Object {
          "fontFamily": "HelveticaNeue",
          "fontSize": 26,
        }
      }
    >
      Ballard Books
    </Text>
  </View>
  <FormTextInput
    autoCapitalize="none"
    onChangeText={[Function]}
    placeholder="Email Address.js"
    value="eduardomoroni@gmail.com"
  />
  <FormTextInput
    onChangeText={[Function]}
    placeholder="Password"
    secureTextEntry={true}
    value="123456"
  />
  <View
    style={
      Object {
        "alignItems": "center",
        "flexDirection": "row",
        "justifyContent": "center",
      }
    }
  >
    <Button
      onPress={[Function]}
      style={
        Object {
          "marginVertical": 10,
        }
      }
      title="foo-bar"
    />
  </View>
  <View />
</LoadingOverlay>
`;
